  console.log
    Γùç injecting env (0) from .env // tip: Γîÿ multiple files { path: ['.env.local', '.env'] }

      at _log (node_modules/dotenv/lib/main.js:131:11)

node.exe : FAIL src/__tests
__/integration.test.ts
At line:1 char:1
+ & "C:\Program 
Files\nodejs/node.exe" 
"C:\Program 
Files\nodejs/node_mo ...
+ ~~~~~~~~~~~~~~~~~~~~~~~~~
~~~~~~~~~~~~~~~~~~~~~~~~~~~
~~~~~~~~~~~~~~~~~
    + CategoryInfo         
     : NotSpecified: (FAI  
  L src/__tests__/integr   
 ation.test.ts:String)     
[], RemoteException
    + FullyQualifiedErrorI 
   d : NativeCommandError
 
  Finance API 
Comprehensive Integration 
Tests
    Authentication API
      ΓêÜ should reject 
login with wrong password 
(268 ms)
      ΓêÜ should reject 
registration with 
duplicate email (6 ms)
    Transactions API full 
flow (CRUD, Search, Soft 
Delete)
      ΓêÜ should allow 
ADMIN to create multiple 
transactions (26 ms)
      ΓêÜ should find 
transaction by search text 
(10 ms)
      ΓêÜ should get 
transaction detail (8 ms)
      ΓêÜ should allow 
ADMIN to update a 
transaction (14 ms)
      ΓêÜ should soft 
delete a transaction (18 
ms)
    Dashboard API 
aggregations check
      ├ù should accurately 
reflect only active 
transactions (27 ms)
    Users API
      ΓêÜ should allow 
ADMIN to list users (6 ms)
      ΓêÜ should allow 
ADMIN to update user role 
(11 ms)
      ΓêÜ should allow 
ADMIN to update user 
status (10 ms)

  ΓùÅ Finance API 
Comprehensive Integration 
Tests ΓÇ║ Dashboard API 
aggregations check ΓÇ║ 
should accurately reflect 
only active transactions

    expect(received).toBe(e
xpected) // Object.is 
equality

    Expected: 5000
    Received: 0

    [0m [90m 150 |[39m  
     expect(res[33m.[39ms
tatus)[33m.[39mtoBe([35m
200[39m)[33m;[39m
     [90m 151 |[39m      
 [90m// Soft-deleted 
expense of 200 shouldn't 
be counted[39m
    
[31m[1m>[22m[39m[90m 
152 |[39m       expect(res
[33m.[39mbody[33m.[39md
ata[33m.[39mtotalIncome)
[33m.[39mtoBe([35m5000[3
9m)[33m;[39m
     [90m     |[39m      
                           
        
[31m[1m^[22m[39m
     [90m 153 |[39m      
 expect(res[33m.[39mbody
[33m.[39mdata[33m.[39mto
talExpenses)[33m.[39mtoBe
([35m0[39m)[33m;[39m 
     [90m 154 |[39m     
})[33m;[39m
     [90m 155 |[39m   
})[33m;[39m[0m

      at 
Object.<anonymous> (src/__t
ests__/integration.test.ts:
152:41)

Test Suites: 1 failed, 1 
total
Tests:       1 failed, 10 
passed, 11 total
Snapshots:   0 total
Time:        3.453 s, 
estimated 4 s
Ran all test suites.
